<area shape="rect" href="$file__logger_8h.html" title="file_logger.h" alt="" coords="56,81,147,105">
<area shape="rect" href="$gps__receiver_8h.html" title="gps_receiver.h" alt="" coords="133,156,237,180">
<area shape="rect" href="$serial__port_8h.html" title="serial_port.h" alt="" coords="308,81,399,105">
<area shape="rect" href="$pololu__servo__controller_8h.html" title="pololu_servo_controller.h" alt="" coords="392,156,555,180">
<area shape="rect" href="$RCControl_8cpp.html" title="RCControl.cpp" alt="" coords="563,230,667,254">
<area shape="rect" href="$mftech__receiver_8h.html" title="mftech_receiver.h" alt="" coords="629,81,752,105">
<area shape="rect" href="$stdafx_8cpp.html" title="stdafx.cpp" alt="" coords="776,81,859,105">
<area shape="rect" href="$file__logger_8cpp.html" title="file_logger.cpp" alt="" coords="5,156,109,180">
<area shape="rect" href="$gps__receiver_8cpp.html" title="gps_receiver.cpp" alt="" coords="125,230,245,254">
<area shape="rect" href="$serial__port_8cpp.html" title="serial_port.cpp" alt="" coords="261,156,368,180">
<area shape="rect" href="$pololu__servo__controller_8cpp.html" title="pololu_servo_controller.cpp" alt="" coords="360,230,539,254">
<area shape="rect" href="$mftech__receiver_8cpp.html" title="mftech_receiver.cpp" alt="" coords="680,156,819,180">
