<area shape="rect" href="$file__logger_8h.html" title="file_logger.h" alt="" coords="69,81,160,105">
<area shape="rect" href="$RCControl_8cpp.html" title="RCControl.cpp" alt="" coords="171,230,275,254">
<area shape="rect" href="$mftech__receiver_8h.html" title="mftech_receiver.h" alt="" coords="293,81,416,105">
<area shape="rect" href="$pololu__serial_8h.html" title="pololu_serial.h" alt="" coords="447,81,551,105">
<area shape="rect" href="$pololu__servo__controller_8h.html" title="pololu_servo_controller.h" alt="" coords="589,156,752,180">
<area shape="rect" href="$stdafx_8cpp.html" title="stdafx.cpp" alt="" coords="625,81,708,105">
<area shape="rect" href="$file__logger_8cpp.html" title="file_logger.cpp" alt="" coords="5,156,109,180">
<area shape="rect" href="$mftech__receiver_8cpp.html" title="mftech_receiver.cpp" alt="" coords="285,156,424,180">
<area shape="rect" href="$pololu__serial_8cpp.html" title="pololu_serial.cpp" alt="" coords="448,156,565,180">
<area shape="rect" href="$pololu__servo__controller_8cpp.html" title="pololu_servo_controller.cpp" alt="" coords="581,230,760,254">
